i want ice cream
i want icecream
***
i like ice cream and man go
i like ice cream and mango
i like icecream and man go
i like icecream and mango
***
